172.98.32.13 - - [19/Apr/2026:12:14:54 +0100] "GET /wp-content/about.php HTTP/1.1" 200 11921 "-" "Mozilla/5.0 (Windows NT 10.0; Win64; x64; rv:66.0) Gecko/20100101 Firefox/66.0"
45.132.227.12 - - [19/Apr/2026:12:14:55 +0100] "GET /wp-class.php HTTP/1.1" 200 11882 "-" "Mozilla/5.0 (Macintosh; Intel Mac OS X 10_10_1) AppleWebKit/537.36 (KHTML, like Gecko) Chrome/39.0.2171.95 Safari/537.36"
172.98.32.16 - - [19/Apr/2026:12:14:56 +0100] "GET /wp-includes/images/smilies/index.php HTTP/1.1" 200 11923 "-" "Mozilla/5.0 (X11; Linux x86_64) AppleWebKit/537.36 (KHTML, like Gecko) Chrome/84.0.4147.105 Safari/537.36 OPR/70.0.3728.95"
45.132.227.14 - - [19/Apr/2026:12:14:56 +0100] "GET /xx.php HTTP/1.1" 200 11945 "-" "Mozilla/5.0 (Windows NT 10.0; WOW64; Trident/7.0; .NET4.0C; .NET4.0E; .NET CLR 2.0.50727; .NET CLR 3.0.30729; .NET CLR 3.5.30729; rv:11.0) like Gecko"
45.132.227.13 - - [19/Apr/2026:12:14:56 +0100] "GET /autoload_classmap.php HTTP/1.1" 200 11972 "-" "Mozilla/5.0 (Windows NT 6.1; Win64; x64) AppleWebKit/537.36 (KHTML, like Gecko) Chrome/74.0.3729.169 Safari/537.36"
45.132.227.4 - - [19/Apr/2026:12:14:57 +0100] "GET /wp-includes/classwithtostring.php HTTP/1.1" 200 11970 "-" "Mozilla/5.0 (Windows NT 6.1; Win64; x64) AppleWebKit/537.36 (KHTML, like Gecko) Chrome/80.0.3987.149 Safari/537.36"
172.98.32.16 - - [19/Apr/2026:12:14:57 +0100] "GET /wp-content/blue.php HTTP/1.1" 200 11996 "-" "Mozilla/5.0 (Windows NT 10.0; Win64; x64) AppleWebKit/537.36 (KHTML, like Gecko) Chrome/74.0.3729.169 Safari/537.36"
45.132.227.15 - - [19/Apr/2026:12:14:57 +0100] "GET /content.php HTTP/1.1" 200 11966 "-" "Mozilla/5.0 (Windows NT 10.0; Win64; x64) AppleWebKit/537.36 (KHTML, like Gecko) Chrome/74.0.3729.169 Safari/537.36"
45.132.227.5 - - [19/Apr/2026:12:14:58 +0100] "GET /wp-content/uploads/about.php HTTP/1.1" 200 11993 "-" "Mozilla/5.0 (Windows NT 10.0; Win64; x64) AppleWebKit/537.36 (KHTML, like Gecko) Chrome/70.0.3538.77 Safari/537.36"
172.98.32.5 - - [19/Apr/2026:12:14:58 +0100] "GET /wp-admin/wp-login.php HTTP/1.1" 200 11999 "-" "Mozilla/5.0 (Windows NT 10.0; Win64; x64) AppleWebKit/537.36 (KHTML, like Gecko) Chrome/81.0.4044.129 Safari/537.36"
45.132.227.2 - - [19/Apr/2026:12:14:58 +0100] "GET /wp-includes/rest-api/endpoints/index.php HTTP/1.1" 200 12032 "-" "Mozilla/5.0 (Windows NT 10.0; Win64; x64) AppleWebKit/537.36 (KHTML, like Gecko) Chrome/69.0.3497.100 Safari/537.36"
45.132.227.7 - - [19/Apr/2026:12:14:59 +0100] "GET /wp-content/languages/about.php HTTP/1.1" 200 12015 "-" "Mozilla/5.0 (Windows NT 10.0; WOW64; Trident/7.0; .NET4.0C; .NET4.0E; .NET CLR 2.0.50727; .NET CLR 3.0.30729; .NET CLR 3.5.30729; rv:11.0) like Gecko"
136.144.42.18 - - [19/Apr/2026:12:14:59 +0100] "GET /wp-content/plugins/wp-theme-editor/include.php HTTP/1.1" 200 11941 "-" "Mozilla/5.0 (Windows NT 10.0; Win64; x64) AppleWebKit/537.36 (KHTML, like Gecko) Chrome/79.0.3945.88 Safari/537.36"
172.98.32.20 - - [19/Apr/2026:12:14:59 +0100] "GET /wp-content/plugins/up/main.php HTTP/1.1" 200 11941 "-" "Mozilla/5.0 (Windows NT 10.0; Win64; x64; rv:75.0) Gecko/20100101 Firefox/75.0"
45.132.227.8 - - [19/Apr/2026:12:15:00 +0100] "GET /fonts/fontawesome-webfont.php HTTP/1.1" 200 11977 "-" "Mozilla/5.0 (Windows NT 10.0; Win64; x64) AppleWebKit/537.36 (KHTML, like Gecko) Chrome/58.0.3029.110 Safari/537.3"
172.98.32.12 - - [19/Apr/2026:12:15:00 +0100] "GET /wp-admin/wp-conflg.php HTTP/1.1" 200 11928 "-" "Mozilla/5.0 (Windows NT 6.1; Win64; x64) AppleWebKit/537.36 (KHTML, like Gecko) Chrome/78.0.3904.108 Safari/537.36"
172.98.32.14 - - [19/Apr/2026:12:15:00 +0100] "GET /wp-admin/includes/about.php HTTP/1.1" 200 11970 "-" "Mozilla/5.0 (Windows NT 10.0; WOW64) AppleWebKit/537.36 (KHTML, like Gecko) Chrome/84.0.4147.105 Safari/537.36"
172.98.32.25 - - [19/Apr/2026:12:15:01 +0100] "GET /wp-admin/css/colors/blue/index.php HTTP/1.1" 200 11886 "-" "Mozilla/5.0 (Windows NT 6.1; Win64; x64) AppleWebKit/537.36 (KHTML, like Gecko) Chrome/74.0.3729.169 Safari/537.36"
45.132.227.8 - - [19/Apr/2026:12:15:01 +0100] "GET /images/images/about.php HTTP/1.1" 200 11978 "-" "Mozilla/5.0 (X11; Ubuntu; Linux i686; rv:79.0) Gecko/20100101 Firefox/79.0"
172.98.32.19 - - [19/Apr/2026:12:15:02 +0100] "GET /images/class.php HTTP/1.1" 200 11969 "-" "Mozilla/5.0 (compatible; MSIE 10.0; Windows NT 6.1; Trident/6.0)"
172.98.32.4 - - [19/Apr/2026:12:15:02 +0100] "GET /wp-content/plugins/autoload_classmap.php HTTP/1.1" 200 11924 "-" "Mozilla/5.0 (Macintosh; Intel Mac OS X 10_15_6) AppleWebKit/537.36 (KHTML, like Gecko) Chrome/84.0.4147.105 Safari/537.36 OPR/70.0.3728.95"
45.132.227.6 - - [19/Apr/2026:12:15:03 +0100] "GET /web.php HTTP/1.1" 200 11883 "-" "Mozilla/5.0 (X11; Linux x86_64) AppleWebKit/537.36 (KHTML, like Gecko) Chrome/84.0.4147.105 Safari/537.36 OPR/70.0.3728.95"
45.132.227.11 - - [19/Apr/2026:12:15:03 +0100] "GET /wp-admin/css/colors/ocean/about.php HTTP/1.1" 200 11948 "-" "Mozilla/5.0 (Windows NT 10.0) AppleWebKit/537.36 (KHTML, like Gecko) Chrome/72.0.3626.121 Safari/537.36"
45.132.227.12 - - [19/Apr/2026:12:15:03 +0100] "GET /images/index.php HTTP/1.1" 200 11903 "-" "Mozilla/5.0 (Macintosh; Intel Mac OS X 10.15; rv:79.0) Gecko/20100101 Firefox/79.0"
45.132.227.10 - - [19/Apr/2026:12:15:04 +0100] "GET /wp-content/bypass.php HTTP/1.1" 200 12024 "-" "Mozilla/5.0 (Windows NT 6.1; Win64; x64) AppleWebKit/537.36 (KHTML, like Gecko) Chrome/78.0.3904.108 Safari/537.36"
45.132.227.6 - - [19/Apr/2026:12:15:04 +0100] "GET /.well-known/gecko-litespeed.php HTTP/1.1" 200 11923 "-" "Mozilla/5.0 (Windows NT 6.1; Win64; x64) AppleWebKit/537.36 (KHTML, like Gecko) Chrome/78.0.3904.108 Safari/537.36"
45.132.227.8 - - [19/Apr/2026:12:15:04 +0100] "GET /wp-admin/css/colors/midnight/install.php HTTP/1.1" 200 11988 "-" "Mozilla/5.0 (Windows NT 10.0; WOW64) AppleWebKit/537.36 (KHTML, like Gecko) Chrome/84.0.4147.105 Safari/537.36"
45.132.227.10 - - [19/Apr/2026:12:15:05 +0100] "GET /wp-trackback.php HTTP/1.1" 200 11884 "-" "Mozilla/5.0 (Windows NT 10.0) AppleWebKit/537.36 (KHTML, like Gecko) Chrome/84.0.4147.105 Safari/537.36"
45.132.227.8 - - [19/Apr/2026:12:15:05 +0100] "GET /wp-includes/style-engine/bypass.php HTTP/1.1" 200 11903 "-" "Mozilla/5.0 (Windows NT 10.0; Win64; x64; rv:66.0) Gecko/20100101 Firefox/66.0"
136.144.42.36 - - [19/Apr/2026:12:15:05 +0100] "GET /radio.php HTTP/1.1" 200 11930 "-" "Mozilla/5.0 (Macintosh; Intel Mac OS X 10_15_6) AppleWebKit/537.36 (KHTML, like Gecko) Chrome/84.0.4147.105 Safari/537.36"
45.132.227.11 - - [19/Apr/2026:12:15:06 +0100] "GET /wp-admin/mah.php HTTP/1.1" 200 11979 "-" "Mozilla/5.0 (Macintosh; Intel Mac OS X 10_15_6) AppleWebKit/537.36 (KHTML, like Gecko) Chrome/84.0.4147.105 Safari/537.36"
172.98.32.14 - - [19/Apr/2026:12:15:06 +0100] "GET /wp-content/plugins/dummyyummy/wp-signup.php HTTP/1.1" 200 11985 "-" "Mozilla/5.0 (X11; Ubuntu; Linux i686; rv:79.0) Gecko/20100101 Firefox/79.0"
45.132.227.4 - - [19/Apr/2026:12:15:06 +0100] "GET /wp-admin/css/colors/midnight/wp-login.php HTTP/1.1" 200 11994 "-" "Mozilla/5.0 (Windows NT 6.1; Win64; x64) AppleWebKit/537.36 (KHTML, like Gecko) Chrome/58.0.3029.110 Safari/537.3"
136.144.42.38 - - [19/Apr/2026:12:15:07 +0100] "GET /wp-conflg.php HTTP/1.1" 200 11953 "-" "Mozilla/5.0 (Windows NT 10.0; Win64; x64) AppleWebKit/537.36 (KHTML, like Gecko) Chrome/84.0.4147.105 Safari/537.36"
172.98.32.15 - - [19/Apr/2026:12:15:07 +0100] "GET /wp-setup.php HTTP/1.1" 200 11941 "-" "Mozilla/5.0 (compatible; MSIE 10.0; Windows NT 6.1; Trident/6.0)"
45.132.227.6 - - [19/Apr/2026:12:15:07 +0100] "GET /ms-themes.php HTTP/1.1" 200 11878 "-" "Mozilla/5.0 (Windows NT 10.0; Win64; x64) AppleWebKit/537.36 (KHTML, like Gecko) Chrome/79.0.3945.88 Safari/537.36"
172.98.32.9 - - [19/Apr/2026:12:15:08 +0100] "GET /wp-includes/assets/about.php HTTP/1.1" 200 11971 "-" "Mozilla/5.0 (Windows NT 10.0; Win64; x64) AppleWebKit/537.36 (KHTML, like Gecko) Chrome/74.0.3729.157 Safari/537.36"
45.132.227.13 - - [19/Apr/2026:12:15:08 +0100] "GET /style.php HTTP/1.1" 200 11954 "-" "Mozilla/5.0 (Windows NT 6.1; Win64; x64) AppleWebKit/537.36 (KHTML, like Gecko) Chrome/58.0.3029.110 Safari/537.3"
45.132.227.8 - - [19/Apr/2026:12:15:08 +0100] "GET /wp-includes/infi.php HTTP/1.1" 200 11902 "-" "Mozilla/5.0 (Windows NT 10.0; Win64; x64; rv:67.0) Gecko/20100101 Firefox/67.0"
172.98.32.22 - - [19/Apr/2026:12:15:08 +0100] "GET /wp-admin/maint/index.php HTTP/1.1" 200 11929 "-" "Mozilla/5.0 (Macintosh; Intel Mac OS X 10_10_1) AppleWebKit/537.36 (KHTML, like Gecko) Chrome/39.0.2171.95 Safari/537.36"
172.98.32.7 - - [19/Apr/2026:12:15:09 +0100] "GET /x.php HTTP/1.1" 200 12034 "-" "Mozilla/5.0 (Windows NT 6.1; Win64; x64) AppleWebKit/537.36 (KHTML, like Gecko) Chrome/80.0.3987.149 Safari/537.36"
136.144.42.41 - - [19/Apr/2026:12:15:09 +0100] "GET /wp-includes/IXR/index.php HTTP/1.1" 200 12029 "-" "Mozilla/5.0 (Windows NT 10.0; Win64; x64) AppleWebKit/537.36 (KHTML, like Gecko) Chrome/79.0.3945.79 Safari/537.36"
136.144.42.33 - - [19/Apr/2026:12:15:09 +0100] "GET /css/index.php HTTP/1.1" 200 12056 "-" "Mozilla/5.0 (Windows NT 10.0; WOW64; x64) AppleWebKit/537.36 (KHTML, like Gecko) Chrome/84.0.4147.105 Safari/537.36 OPR/70.0.3728.95"
45.132.227.9 - - [19/Apr/2026:12:15:09 +0100] "GET /images/index22.php HTTP/1.1" 200 12021 "-" "Mozilla/5.0 (Windows NT 10.0; Win64; x64) AppleWebKit/537.36 (KHTML, like Gecko) Chrome/80.0.3987.149 Safari/537.36"
172.98.32.6 - - [19/Apr/2026:12:15:10 +0100] "GET /wp-user.php HTTP/1.1" 200 11892 "-" "Mozilla/5.0 (X11; Ubuntu; Linux x86_64; rv:79.0) Gecko/20100101 Firefox/79.0"
172.98.32.22 - - [19/Apr/2026:12:15:10 +0100] "GET /wp-includes/pomo/about.php HTTP/1.1" 200 11950 "-" "Mozilla/5.0 (Windows NT 10.0; Win64; x64) AppleWebKit/537.36 (KHTML, like Gecko) Chrome/79.0.3945.79 Safari/537.36"
45.132.227.10 - - [19/Apr/2026:12:15:10 +0100] "GET /wp-includes/pomo/index.php HTTP/1.1" 200 11935 "-" "Mozilla/5.0 (Windows NT 10.0; Win64; x64; rv:67.0) Gecko/20100101 Firefox/67.0"
172.98.32.8 - - [19/Apr/2026:12:15:11 +0100] "GET /config.php HTTP/1.1" 200 11926 "-" "Mozilla/5.0 (Windows NT 10.0; Win64; x64) AppleWebKit/537.36 (KHTML, like Gecko) Chrome/75.0.3770.100 Safari/537.36"
172.98.32.9 - - [19/Apr/2026:12:15:11 +0100] "GET /special.php HTTP/1.1" 200 11926 "-" "Mozilla/5.0 (Windows NT 10.0; Win64; x64; rv:77.0) Gecko/20100101 Firefox/77.0"
45.132.227.14 - - [19/Apr/2026:12:15:11 +0100] "GET /assets/script.js.php HTTP/1.1" 200 11938 "-" "Mozilla/5.0 (Windows NT 10.0) AppleWebKit/537.36 (KHTML, like Gecko) Chrome/84.0.4147.105 Safari/537.36"
136.144.42.38 - - [19/Apr/2026:12:15:11 +0100] "GET /wp-content/themes/twentytwentythree/patterns/index.php HTTP/1.1" 200 12038 "-" "Mozilla/5.0 (Windows NT 10.0; Win64; x64; rv:67.0) Gecko/20100101 Firefox/67.0"
45.132.227.1 - - [19/Apr/2026:12:15:12 +0100] "GET /wp-admin/css/colors/sunrise/colors_95.php HTTP/1.1" 200 12014 "-" "Mozilla/5.0 (Windows NT 10.0; Win64; x64; rv:74.0) Gecko/20100101 Firefox/74.0"
172.98.32.5 - - [19/Apr/2026:12:15:13 +0100] "GET /wp-includes/block-patterns/autoload_classmap.php HTTP/1.1" 200 11982 "-" "Mozilla/5.0 (Windows NT 6.1; Win64; x64) AppleWebKit/537.36 (KHTML, like Gecko) Chrome/78.0.3904.108 Safari/537.36"
45.132.227.7 - - [19/Apr/2026:12:15:13 +0100] "GET /wp-content/uploads/wp.php HTTP/1.1" 200 11924 "-" "Mozilla/5.0 (Windows NT 10.0; Win64; x64) AppleWebKit/537.36 (KHTML, like Gecko) Chrome/84.0.4147.105 Safari/537.36"
172.98.32.24 - - [19/Apr/2026:12:15:13 +0100] "GET /wp-includes/certificates/about.php HTTP/1.1" 200 11917 "-" "Mozilla/5.0 (Windows NT 10.0; Win64; x64; rv:71.0) Gecko/20100101 Firefox/71.0"
45.132.227.3 - - [19/Apr/2026:12:15:14 +0100] "GET /cgi-bin/class.api.php HTTP/1.1" 200 11948 "-" "Mozilla/5.0 (Windows NT 10.0; Win64; x64; rv:67.0) Gecko/20100101 Firefox/67.0"
45.132.227.15 - - [19/Apr/2026:12:15:24 +0100] "GET /update/ HTTP/1.1" 200 11904 "-" "Mozilla/5.0 (Windows NT 10.0; Win64; x64) AppleWebKit/537.36 (KHTML, like Gecko) Chrome/80.0.3987.149 Safari/537.36"
172.98.32.3 - - [19/Apr/2026:12:15:24 +0100] "GET /wp-content/ HTTP/1.1" 200 12084 "-" "Mozilla/5.0 (Macintosh; Intel Mac OS X 10_15_6) AppleWebKit/537.36 (KHTML, like Gecko) Chrome/84.0.4147.125 Safari/537.36"
172.98.32.9 - - [19/Apr/2026:12:15:25 +0100] "GET /wp-admin/maint/ HTTP/1.1" 200 11985 "-" "Mozilla/5.0 (X11; Linux i686; rv:79.0) Gecko/20100101 Firefox/79.0"
172.98.32.21 - - [19/Apr/2026:12:15:25 +0100] "GET /themes/zMousse/ HTTP/1.1" 200 11878 "-" "Mozilla/5.0 (Windows NT 10.0; Win64; x64) AppleWebKit/537.36 (KHTML, like Gecko) Chrome/81.0.4044.129 Safari/537.36"
172.98.32.21 - - [19/Apr/2026:12:15:25 +0100] "GET /wp-content/plugins/ubh/ HTTP/1.1" 200 11874 "-" "Mozilla/5.0 (Windows NT 10.0; Win64; x64; rv:76.0) Gecko/20100101 Firefox/76.0"
172.98.32.3 - - [19/Apr/2026:12:15:26 +0100] "GET /wp-admin/images/ HTTP/1.1" 200 12051 "-" "Mozilla/5.0 (Windows NT 10.0; Win64; x64) AppleWebKit/537.36 (KHTML, like Gecko) Chrome/80.0.3987.149 Safari/537.36"
136.144.42.36 - - [19/Apr/2026:12:15:26 +0100] "GET /wp-content/plugins/seoplugins/ HTTP/1.1" 200 11912 "-" "Mozilla/5.0 (Windows NT 6.1; Win64; x64) AppleWebKit/537.36 (KHTML, like Gecko) Chrome/80.0.3987.149 Safari/537.36"
45.132.227.7 - - [19/Apr/2026:12:15:26 +0100] "GET /wp-content/themes/pridmag/ HTTP/1.1" 200 11983 "-" "Mozilla/5.0 (Windows NT 10.0; Win64; x64; rv:77.0) Gecko/20100101 Firefox/77.0"
45.132.227.6 - - [19/Apr/2026:12:15:26 +0100] "GET /wp-content/plugins/linkpreview/ HTTP/1.1" 200 11932 "-" "Mozilla/5.0 (Windows NT 10.0; Win64; x64) AppleWebKit/537.36 (KHTML, like Gecko) Chrome/70.0.3538.77 Safari/537.36"
45.132.227.9 - - [19/Apr/2026:12:15:27 +0100] "GET /modules/mod_simplefileuploadv1.3/elements/ HTTP/1.1" 200 12014 "-" "Mozilla/5.0 (Windows NT 10.0; Win64; x64) AppleWebKit/537.36 (KHTML, like Gecko) Chrome/84.0.4147.105 Safari/537.36 OPR/70.0.3728.95"
172.98.32.17 - - [19/Apr/2026:12:15:27 +0100] "GET /wp-content/plugins/pwnd/ HTTP/1.1" 200 11875 "-" "Mozilla/5.0 (X11; Linux i686; rv:79.0) Gecko/20100101 Firefox/79.0"
172.98.32.17 - - [19/Apr/2026:12:15:27 +0100] "GET /wp-content/plugins/pwnd-1/ HTTP/1.1" 200 12037 "-" "Mozilla/5.0 (Windows NT 10.0; Win64; x64) AppleWebKit/537.36 (KHTML, like Gecko) Chrome/58.0.3029.110 Safari/537.3"
45.132.227.15 - - [19/Apr/2026:12:15:27 +0100] "GET /wp-admin/css/colors/midnight/ HTTP/1.1" 200 11908 "-" "Mozilla/5.0 (Windows NT 10.0; Win64; x64) AppleWebKit/537.36 (KHTML, like Gecko) Chrome/58.0.3029.110 Safari/537.3"
172.98.32.8 - - [19/Apr/2026:12:15:28 +0100] "GET /vendor/phpunit/phpunit/src/Util/PHP/ HTTP/1.1" 200 11977 "-" "Mozilla/5.0 (Windows NT 10.0; Win64; x64; rv:71.0) Gecko/20100101 Firefox/71.0"
172.98.32.7 - - [19/Apr/2026:12:15:28 +0100] "GET /wp-includes/style-engine/ HTTP/1.1" 200 11988 "-" "Mozilla/5.0 (Windows NT 6.1; Win64; x64) AppleWebKit/537.36 (KHTML, like Gecko) Chrome/58.0.3029.110 Safari/537.3"
136.144.42.34 - - [19/Apr/2026:12:15:28 +0100] "GET /wp-content/plugins/core-plugin/ HTTP/1.1" 200 11951 "-" "Mozilla/5.0 (Windows NT 6.1; Win64; x64) AppleWebKit/537.36 (KHTML, like Gecko) Chrome/79.0.3945.130 Safari/537.36"
172.98.32.13 - - [19/Apr/2026:12:15:28 +0100] "GET /wp-content/plugins/ HTTP/1.1" 200 11952 "-" "Mozilla/5.0 (Macintosh; Intel Mac OS X 10.15; rv:79.0) Gecko/20100101 Firefox/79.0"
172.98.32.20 - - [19/Apr/2026:12:15:29 +0100] "GET /uploads/ HTTP/1.1" 200 11965 "-" "Mozilla/5.0 (Macintosh; Intel Mac OS X 10_12_6) AppleWebKit/537.36 (KHTML, like Gecko) Chrome/58.0.3029.110 Safari/537.3"
45.132.227.6 - - [19/Apr/2026:12:15:29 +0100] "GET /js/ HTTP/1.1" 200 11918 "-" "Mozilla/5.0 (Windows NT 10.0; Win64; x64; rv:73.0) Gecko/20100101 Firefox/73.0"
172.98.32.9 - - [19/Apr/2026:12:15:29 +0100] "GET /.well-known/pki-validation/ HTTP/1.1" 200 12015 "-" "Mozilla/5.0 (Windows NT 10.0; Win64; x64) AppleWebKit/537.36 (KHTML, like Gecko) Chrome/83.0.4103.97 Safari/537.36"
45.132.227.13 - - [19/Apr/2026:12:15:29 +0100] "GET /wp-includes/js/ HTTP/1.1" 200 11999 "-" "Mozilla/5.0 (Windows NT 10.0; WOW64; Trident/7.0; .NET4.0C; .NET4.0E; .NET CLR 2.0.50727; .NET CLR 3.0.30729; .NET CLR 3.5.30729; rv:11.0) like Gecko"
45.132.227.15 - - [19/Apr/2026:12:15:30 +0100] "GET /wp-content/upgrade/ HTTP/1.1" 200 11974 "-" "Mozilla/5.0 (Windows NT 10.0; Win64; x64) AppleWebKit/537.36 (KHTML, like Gecko) Chrome/58.0.3029.110 Safari/537.3"
136.144.42.41 - - [19/Apr/2026:12:15:30 +0100] "GET /wp-content/languages/ HTTP/1.1" 200 11950 "-" "Mozilla/5.0 (Windows NT 10.0; Win64; x64; rv:76.0) Gecko/20100101 Firefox/76.0"
136.144.42.36 - - [19/Apr/2026:12:15:30 +0100] "GET /wp-content/themes/ HTTP/1.1" 200 12028 "-" "Mozilla/5.0 (Windows NT 10.0; Win64; x64) AppleWebKit/537.36 (KHTML, like Gecko) Chrome/77.0.3865.90 Safari/537.36"
172.98.32.2 - - [19/Apr/2026:12:15:31 +0100] "GET /wp-content/plugins/elementor/ HTTP/1.1" 200 11936 "-" "Mozilla/5.0 (Windows NT 10.0; Win64; x64; rv:79.0) Gecko/20100101 Firefox/79.0"
45.132.227.17 - - [19/Apr/2026:12:15:31 +0100] "GET /wp-includes/IXR/ HTTP/1.1" 200 11909 "-" "Mozilla/5.0 (Windows NT 6.3; Win64; x64; rv:73.0) Gecko/20100101 Firefox/73.0"
136.144.42.40 - - [19/Apr/2026:12:15:31 +0100] "GET /wp-includes/widgets/ HTTP/1.1" 200 11974 "-" "Mozilla/5.0 (Windows NT 10.0; Win64; x64; rv:67.0) Gecko/20100101 Firefox/67.0"
172.98.32.21 - - [19/Apr/2026:12:15:31 +0100] "GET /admin/ HTTP/1.1" 200 11939 "-" "Mozilla/5.0 (Windows NT 10.0; Win64; x64) AppleWebKit/537.36 (KHTML, like Gecko) Chrome/74.0.3729.157 Safari/537.36"
172.98.32.20 - - [19/Apr/2026:12:15:32 +0100] "GET /wp-includes/images/smilies/ HTTP/1.1" 200 11947 "-" "Mozilla/5.0 (Windows NT 10.0; Win64; x64) AppleWebKit/537.36 (KHTML, like Gecko) Chrome/69.0.3497.100 Safari/537.36"
136.144.42.33 - - [19/Apr/2026:12:15:32 +0100] "GET /wp-includes/js/crop/ HTTP/1.1" 200 12052 "-" "Mozilla/5.0 (compatible; MSIE 10.0; Windows NT 6.1; Trident/6.0)"
172.98.32.7 - - [19/Apr/2026:12:15:32 +0100] "GET /wp-includes/PHPMailer/ HTTP/1.1" 200 12027 "-" "Mozilla/5.0 (Windows NT 6.1; Win64; x64) AppleWebKit/537.36 (KHTML, like Gecko) Chrome/80.0.3987.149 Safari/537.36"
172.98.32.3 - - [19/Apr/2026:12:15:32 +0100] "GET /cgi-bin/ HTTP/1.1" 200 11900 "-" "Mozilla/5.0 (Windows NT 10.0; Win64; x64) AppleWebKit/537.36 (KHTML, like Gecko) Chrome/58.0.3029.110 Safari/537.3"
172.98.32.11 - - [19/Apr/2026:12:15:33 +0100] "GET /wp-admin/js/ HTTP/1.1" 200 11986 "-" "Mozilla/5.0 (Windows NT 10.0; WOW64; x64) AppleWebKit/537.36 (KHTML, like Gecko) Chrome/84.0.4147.105 Safari/537.36 OPR/70.0.3728.95"
172.98.32.17 - - [19/Apr/2026:12:15:33 +0100] "GET /wp-includes/js/jquery/ HTTP/1.1" 200 11964 "-" "Mozilla/5.0 (Windows NT 10.0; Win64; x64; rv:72.0) Gecko/20100101 Firefox/72.0"
172.98.32.1 - - [19/Apr/2026:12:15:33 +0100] "GET /wp-includes/block-supports/ HTTP/1.1" 200 11912 "-" "Mozilla/5.0 (Windows NT 6.1; Win64; x64) AppleWebKit/537.36 (KHTML, like Gecko) Chrome/58.0.3029.110 Safari/537.3"
172.98.32.19 - - [19/Apr/2026:12:15:34 +0100] "GET /wp-admin/network/ HTTP/1.1" 200 11986 "-" "Mozilla/5.0 (Windows NT 10.0; Win64; x64; rv:75.0) Gecko/20100101 Firefox/75.0"
45.132.227.3 - - [19/Apr/2026:12:15:34 +0100] "GET /wp-admin/ HTTP/1.1" 200 11916 "-" "Mozilla/5.0 (Windows NT 10.0; Win64; x64) AppleWebKit/537.36 (KHTML, like Gecko) Chrome/84.0.4147.105 Safari/537.36"
45.132.227.1 - - [19/Apr/2026:12:15:34 +0100] "GET /wp-includes/blocks/table/int/tmpl/ HTTP/1.1" 200 11949 "-" "Mozilla/5.0 (Windows NT 10.0; Win64; x64; rv:73.0) Gecko/20100101 Firefox/73.0"
45.132.227.10 - - [19/Apr/2026:12:15:34 +0100] "GET /wp-includes/ HTTP/1.1" 200 11928 "-" "Mozilla/5.0 (Macintosh; Intel Mac OS X 10_15_6) AppleWebKit/537.36 (KHTML, like Gecko) Chrome/84.0.4147.125 Safari/537.36"
136.144.42.39 - - [19/Apr/2026:12:15:35 +0100] "GET /wp-includes/customize/ HTTP/1.1" 200 12057 "-" "Mozilla/5.0 (Windows NT 10.0; WOW64) AppleWebKit/537.36 (KHTML, like Gecko) Chrome/72.0.3626.121 Safari/537.36"
172.98.32.1 - - [19/Apr/2026:12:15:35 +0100] "GET /wp-includes/SimplePie/ HTTP/1.1" 200 11926 "-" "Mozilla/5.0 (Macintosh; Intel Mac OS X 10_15_6) AppleWebKit/537.36 (KHTML, like Gecko) Chrome/84.0.4147.105 Safari/537.36 OPR/70.0.3728.95"
45.132.227.7 - - [19/Apr/2026:12:15:35 +0100] "GET /wp-includes/theme-compat/ HTTP/1.1" 200 11924 "-" "Mozilla/5.0 (Windows NT 6.3; Win64; x64; rv:73.0) Gecko/20100101 Firefox/73.0"
172.98.32.15 - - [19/Apr/2026:12:15:36 +0100] "GET /wp-includes/Requests/ HTTP/1.1" 200 11929 "-" "Mozilla/5.0 (Windows NT 10.0; WOW64) AppleWebKit/537.36 (KHTML, like Gecko) Chrome/84.0.4147.105 Safari/537.36"
172.98.32.7 - - [19/Apr/2026:12:15:36 +0100] "GET /wp-includes/ID3/ HTTP/1.1" 200 11925 "-" "Mozilla/5.0 (Linux x86_64; rv:79.0) Gecko/20100101 Firefox/79.0"
172.98.32.20 - - [19/Apr/2026:12:15:37 +0100] "GET /wp-content/x/ HTTP/1.1" 200 11983 "-" "Mozilla/5.0 (Windows NT 10.0; Win64; x64) AppleWebKit/537.36 (KHTML, like Gecko) Chrome/79.0.3945.79 Safari/537.36"
172.98.32.25 - - [19/Apr/2026:12:15:38 +0100] "GET /wp-includes/assets/ HTTP/1.1" 200 11939 "-" "Mozilla/5.0 (Windows NT 10.0; Win64; x64) AppleWebKit/537.36 (KHTML, like Gecko) Chrome/70.0.3538.110 Safari/537.36"
45.132.227.5 - - [19/Apr/2026:12:15:38 +0100] "GET /wp-includes/fonts/ HTTP/1.1" 200 11993 "-" "Mozilla/5.0 (Windows NT 10.0; Win64; x64; rv:75.0) Gecko/20100101 Firefox/75.0"
45.132.227.9 - - [19/Apr/2026:12:15:38 +0100] "GET /autoload_classmap/ HTTP/1.1" 200 11919 "-" "Mozilla/5.0 (Windows NT 10.0; Win64; x64) AppleWebKit/537.36 (KHTML, like Gecko) Chrome/79.0.3945.79 Safari/537.36"
172.98.32.16 - - [19/Apr/2026:12:15:38 +0100] "GET /wp-content/themes/tflow/ HTTP/1.1" 200 11984 "-" "Mozilla/5.0 (Macintosh; Intel Mac OS X 10_15_6) AppleWebKit/537.36 (KHTML, like Gecko) Chrome/84.0.4147.125 Safari/537.36"
45.132.227.1 - - [19/Apr/2026:12:15:38 +0100] "GET /templates/beez3/ HTTP/1.1" 200 11971 "-" "Mozilla/5.0 (Windows NT 10.0; Win64; x64; rv:79.0) Gecko/20100101 Firefox/79.0"
45.132.227.15 - - [19/Apr/2026:12:15:39 +0100] "GET /wp-admin/css/colors/blue/ HTTP/1.1" 200 11913 "-" "Mozilla/5.0 (Macintosh; Intel Mac OS X 10_12_6) AppleWebKit/537.36 (KHTML, like Gecko) Chrome/58.0.3029.110 Safari/537.3"
172.98.32.17 - - [19/Apr/2026:12:15:39 +0100] "GET /components/com_jea/views/form/tmpl/ HTTP/1.1" 200 11961 "-" "Mozilla/5.0 (Windows NT 10.0; Win64; x64; rv:73.0) Gecko/20100101 Firefox/73.0"
136.144.42.38 - - [19/Apr/2026:12:15:39 +0100] "GET /templates/beez/ HTTP/1.1" 200 11913 "-" "Mozilla/5.0 (X11; Fedora; Linux x86_64; rv:79.0) Gecko/20100101 Firefox/79.0"
136.144.42.34 - - [19/Apr/2026:12:15:40 +0100] "GET /wp-admin/css/colors/light/ HTTP/1.1" 200 11923 "-" "Mozilla/5.0 (Windows NT 10.0; Win64; x64; rv:67.0) Gecko/20100101 Firefox/67.0"
172.98.32.21 - - [19/Apr/2026:12:15:40 +0100] "GET /wp-content/uploads/ HTTP/1.1" 200 11949 "-" "Mozilla/5.0 (Windows NT 6.1; Win64; x64) AppleWebKit/537.36 (KHTML, like Gecko) Chrome/58.0.3029.110 Safari/537.3"
45.132.227.13 - - [19/Apr/2026:12:15:40 +0100] "GET /wp-includes/rest-api/ HTTP/1.1" 200 12066 "-" "Mozilla/5.0 (X11; Linux x86_64) AppleWebKit/537.36 (KHTML, like Gecko) Chrome/84.0.4147.105 Safari/537.36"
45.132.227.10 - - [19/Apr/2026:12:15:40 +0100] "GET /css/ HTTP/1.1" 200 11891 "-" "Mozilla/5.0 (Windows NT 10.0; Win64; x64; rv:71.0) Gecko/20100101 Firefox/71.0"
45.132.227.5 - - [19/Apr/2026:12:15:41 +0100] "GET /wp-admin/user/ HTTP/1.1" 200 11898 "-" "Mozilla/5.0 (Windows NT 10.0; Win64; x64) AppleWebKit/537.36 (KHTML, like Gecko) Chrome/74.0.3729.157 Safari/537.36"
45.132.227.2 - - [19/Apr/2026:12:15:41 +0100] "GET /assets/ HTTP/1.1" 200 12000 "-" "Mozilla/5.0 (Windows NT 10.0; Win64; x64; rv:67.0) Gecko/20100101 Firefox/67.0"
45.132.227.2 - - [19/Apr/2026:12:15:41 +0100] "GET /wp-admin/css/ HTTP/1.1" 200 11958 "-" "Mozilla/5.0 (Windows NT 6.1; Win64; x64) AppleWebKit/537.36 (KHTML, like Gecko) Chrome/79.0.3945.130 Safari/537.36"
172.98.32.3 - - [19/Apr/2026:12:15:41 +0100] "GET /wp-includes/rest-api/endpoints/ HTTP/1.1" 200 11958 "-" "Mozilla/5.0 (Windows NT 6.1; Win64; x64) AppleWebKit/537.36 (KHTML, like Gecko) Chrome/80.0.3987.149 Safari/537.36"
45.132.227.14 - - [19/Apr/2026:12:15:42 +0100] "GET /wp-content/plugins/wp-theme-editor/ HTTP/1.1" 200 11940 "-" "Mozilla/5.0 (X11; Ubuntu; Linux i686; rv:79.0) Gecko/20100101 Firefox/79.0"
136.144.42.38 - - [19/Apr/2026:12:15:42 +0100] "GET /wp-content/plugins/up/ HTTP/1.1" 200 11929 "-" "Mozilla/5.0 (Windows NT 10.0; Win64; x64) AppleWebKit/537.36 (KHTML, like Gecko) Chrome/81.0.4044.129 Safari/537.36"
136.144.42.40 - - [19/Apr/2026:12:15:42 +0100] "GET /fonts/ HTTP/1.1" 200 11882 "-" "Mozilla/5.0 (Windows NT 10.0; Win64; x64) AppleWebKit/537.36 (KHTML, like Gecko) Chrome/84.0.4147.105 Safari/537.36 OPR/70.0.3728.95"
172.98.32.4 - - [19/Apr/2026:12:15:42 +0100] "GET /wp-admin/includes/ HTTP/1.1" 200 11967 "-" "Mozilla/5.0 (X11; Ubuntu; Linux x86_64; rv:79.0) Gecko/20100101 Firefox/79.0"
172.98.32.20 - - [19/Apr/2026:12:15:43 +0100] "GET /images/images/ HTTP/1.1" 200 11969 "-" "Mozilla/5.0 (Windows NT 10.0; WOW64; x64) AppleWebKit/537.36 (KHTML, like Gecko) Chrome/84.0.4147.105 Safari/537.36 OPR/70.0.3728.95"
172.98.32.13 - - [19/Apr/2026:12:15:43 +0100] "GET /wp-admin/css/colors/ocean/ HTTP/1.1" 200 11965 "-" "Mozilla/5.0 (Windows NT 10.0; Win64; x64; rv:76.0) Gecko/20100101 Firefox/76.0"
172.98.32.9 - - [19/Apr/2026:12:15:43 +0100] "GET /wp-content/plugins/dummyyummy/ HTTP/1.1" 200 11981 "-" "Mozilla/5.0 (Windows NT 10.0; Win64; x64; rv:74.0) Gecko/20100101 Firefox/74.0"
172.98.32.16 - - [19/Apr/2026:12:15:43 +0100] "GET /wp-includes/pomo/ HTTP/1.1" 200 12016 "-" "Mozilla/5.0 (X11; Fedora; Linux x86_64; rv:79.0) Gecko/20100101 Firefox/79.0"
136.144.42.34 - - [19/Apr/2026:12:15:44 +0100] "GET /wp-content/themes/twentytwentythree/patterns/ HTTP/1.1" 200 11927 "-" "Mozilla/5.0 (compatible; MSIE 10.0; Windows NT 6.1; Trident/6.0)"
172.98.32.1 - - [19/Apr/2026:12:15:44 +0100] "GET /wp-admin/css/colors/sunrise/ HTTP/1.1" 200 11992 "-" "Mozilla/5.0 (Windows NT 10.0; Win64; x64) AppleWebKit/537.36 (KHTML, like Gecko) Chrome/84.0.4147.105 Safari/537.36"
172.98.32.20 - - [19/Apr/2026:12:15:44 +0100] "GET /wp-includes/block-patterns/ HTTP/1.1" 200 11896 "-" "Mozilla/5.0 (Windows NT 10.0) AppleWebKit/537.36 (KHTML, like Gecko) Chrome/84.0.4147.105 Safari/537.36"
172.98.32.8 - - [19/Apr/2026:12:15:45 +0100] "GET /wp-includes/certificates/ HTTP/1.1" 200 11930 "-" "Mozilla/5.0 (Windows NT 10.0; WOW64) AppleWebKit/537.36 (KHTML, like Gecko) Chrome/84.0.4147.105 Safari/537.36"
172.98.32.18 - - [19/Apr/2026:12:15:45 +0100] "GET /wp-content/cache/ HTTP/1.1" 200 11885 "-" "Mozilla/5.0 (Windows NT 6.1; Win64; x64) AppleWebKit/537.36 (KHTML, like Gecko) Chrome/79.0.3945.130 Safari/537.36"
172.98.32.9 - - [19/Apr/2026:12:15:45 +0100] "GET /assets/images/ HTTP/1.1" 200 11882 "-" "Mozilla/5.0 (Windows NT 10.0; Win64; x64) AppleWebKit/537.36 (KHTML, like Gecko) Chrome/75.0.3770.100 Safari/537.36"
45.132.227.16 - - [19/Apr/2026:12:15:46 +0100] "GET /wp-admin/js/widgets/ HTTP/1.1" 200 11917 "-" "Mozilla/5.0 (X11; Linux x86_64) AppleWebKit/537.36 (KHTML, like Gecko) Chrome/84.0.4147.105 Safari/537.36"
172.98.32.22 - - [19/Apr/2026:12:15:47 +0100] "GET /wp-includes/random_compat/ HTTP/1.1" 200 11975 "-" "Mozilla/5.0 (Windows NT 10.0) AppleWebKit/537.36 (KHTML, like Gecko) Chrome/72.0.3626.121 Safari/537.36"
45.132.227.3 - - [19/Apr/2026:12:15:47 +0100] "GET /wp-content/plugins/WordPressCore/ HTTP/1.1" 200 11909 "-" "Mozilla/5.0 (Windows NT 10.0; Win64; x64; rv:71.0) Gecko/20100101 Firefox/71.0"
45.132.227.10 - - [19/Apr/2026:12:15:47 +0100] "GET /wp-includes/images/media/ HTTP/1.1" 200 11965 "-" "Mozilla/5.0 (Macintosh; Intel Mac OS X 10_15_6) AppleWebKit/537.36 (KHTML, like Gecko) Chrome/84.0.4147.125 Safari/537.36"
172.98.32.17 - - [19/Apr/2026:12:15:47 +0100] "GET /wp-includes/css/ HTTP/1.1" 200 11966 "-" "Mozilla/5.0 (Windows NT 10.0; Win64; x64; rv:77.0) Gecko/20100101 Firefox/77.0"
172.98.32.22 - - [19/Apr/2026:12:15:48 +0100] "GET /wp-content/plugins/phpadmin/ HTTP/1.1" 200 11923 "-" "Mozilla/5.0 (Macintosh; Intel Mac OS X 10_12_6) AppleWebKit/537.36 (KHTML, like Gecko) Chrome/58.0.3029.110 Safari/537.3"
136.144.42.35 - - [19/Apr/2026:12:15:48 +0100] "GET /wp-content/plugins/seoo/ HTTP/1.1" 200 11956 "-" "Mozilla/5.0 (X11; Ubuntu; Linux i686; rv:79.0) Gecko/20100101 Firefox/79.0"
172.98.32.6 - - [19/Apr/2026:12:15:49 +0100] "GET /wp-content/plugins/view-more/ HTTP/1.1" 200 11914 "-" "Mozilla/5.0 (X11; Ubuntu; Linux i686; rv:79.0) Gecko/20100101 Firefox/79.0"
172.98.32.21 - - [19/Apr/2026:12:15:49 +0100] "GET /wp-admin/css/colors/ HTTP/1.1" 200 11924 "-" "Mozilla/5.0 (Windows NT 10.0; Win64; x64) AppleWebKit/537.36 (KHTML, like Gecko) Chrome/77.0.3865.90 Safari/537.36"
172.98.32.8 - - [19/Apr/2026:12:15:50 +0100] "GET /wp-content/themes/seotheme/ HTTP/1.1" 200 11897 "-" "Mozilla/5.0 (X11; Linux i686; rv:79.0) Gecko/20100101 Firefox/79.0"
136.144.42.36 - - [19/Apr/2026:12:15:50 +0100] "GET /wp-includes/images/ HTTP/1.1" 200 11963 "-" "Mozilla/5.0 (Windows NT 10.0; Win64; x64; rv:74.0) Gecko/20100101 Firefox/74.0"
45.132.227.9 - - [19/Apr/2026:12:15:50 +0100] "GET /wp-content/plugins/ioxi/ HTTP/1.1" 200 11995 "-" "Mozilla/5.0 (X11; Linux i686; rv:79.0) Gecko/20100101 Firefox/79.0"
172.98.32.2 - - [19/Apr/2026:12:15:50 +0100] "GET /blog/wp-content/ HTTP/1.1" 200 11919 "-" "Mozilla/5.0 (Windows NT 10.0; WOW64) AppleWebKit/537.36 (KHTML, like Gecko) Chrome/72.0.3626.121 Safari/537.36"
136.144.42.40 - - [19/Apr/2026:12:15:52 +0100] "GET /.well-known/acme-challenge/ HTTP/1.1" 200 12005 "-" "Mozilla/5.0 (Windows NT 10.0; Win64; x64; rv:79.0) Gecko/20100101 Firefox/79.0"
172.98.32.12 - - [19/Apr/2026:12:15:52 +0100] "GET /wp-content/themes/astra/inc/ HTTP/1.1" 200 12017 "-" "Mozilla/5.0 (Windows NT 10.0; Win64; x64) AppleWebKit/537.36 (KHTML, like Gecko) Chrome/84.0.4147.105 Safari/537.36 OPR/70.0.3728.95"
136.144.42.38 - - [19/Apr/2026:12:15:52 +0100] "GET /wp-content/plugins/ccx/ HTTP/1.1" 200 11983 "-" "Mozilla/5.0 (Windows NT 6.1; Win64; x64) AppleWebKit/537.36 (KHTML, like Gecko) Chrome/80.0.3987.149 Safari/537.36"
45.132.227.5 - - [19/Apr/2026:12:15:53 +0100] "GET /wp-includes/css/dist/edit-widgets/ HTTP/1.1" 200 11931 "-" "Mozilla/5.0 (X11; Linux x86_64) AppleWebKit/537.36 (KHTML, like Gecko) Chrome/84.0.4147.105 Safari/537.36"
45.132.227.15 - - [19/Apr/2026:12:15:53 +0100] "GET /wp-includes/Requests/src/Exception/Http/ HTTP/1.1" 200 11985 "-" "Mozilla/5.0 (Windows NT 10.0; Win64; x64) AppleWebKit/537.36 (KHTML, like Gecko) Chrome/81.0.4044.129 Safari/537.36"
172.98.32.16 - - [19/Apr/2026:12:15:53 +0100] "GET /wp-includes/Text/Diff/Renderer/ HTTP/1.1" 200 11883 "-" "Mozilla/5.0 (Macintosh; Intel Mac OS X 10_12_6) AppleWebKit/537.36 (KHTML, like Gecko) Chrome/58.0.3029.110 Safari/537.3"
45.132.227.9 - - [19/Apr/2026:12:15:53 +0100] "GET /wp-includes/Text/Diff/ HTTP/1.1" 200 11964 "-" "Mozilla/5.0 (Windows NT 10.0; WOW64; x64) AppleWebKit/537.36 (KHTML, like Gecko) Chrome/84.0.4147.105 Safari/537.36 OPR/70.0.3728.95"
172.98.32.16 - - [19/Apr/2026:12:15:54 +0100] "GET /wp-includes/js/tinymce/skins/lightgray/img/ HTTP/1.1" 200 11965 "-" "Mozilla/5.0 (Windows NT 10.0; Win64; x64) AppleWebKit/537.36 (KHTML, like Gecko) Chrome/83.0.4103.61 Safari/537.36"
172.98.32.5 - - [19/Apr/2026:12:15:54 +0100] "GET /wp-content/themes/twentytwentytwo/assets/fonts/ HTTP/1.1" 200 11927 "-" "Mozilla/5.0 (Windows NT 6.3; Win64; x64; rv:73.0) Gecko/20100101 Firefox/73.0"
136.144.42.18 - - [19/Apr/2026:12:15:54 +0100] "GET /blog/wp-includes/ HTTP/1.1" 200 11976 "-" "Mozilla/5.0 (X11; Linux i686; rv:79.0) Gecko/20100101 Firefox/79.0"
172.98.32.10 - - [19/Apr/2026:12:15:56 +0100] "GET /blog/wp-admin/ HTTP/1.1" 200 11888 "-" "Mozilla/5.0 (Windows NT 10.0; Win64; x64; rv:79.0) Gecko/20100101 Firefox/79.0"
172.98.32.10 - - [19/Apr/2026:12:15:56 +0100] "GET /wp-content/themes/twentyfive/ HTTP/1.1" 200 11915 "-" "Mozilla/5.0 (Windows NT 10.0; Win64; x64) AppleWebKit/537.36 (KHTML, like Gecko) Chrome/75.0.3770.100 Safari/537.36"
45.132.227.241 - - [19/Apr/2026:12:15:56 +0100] "GET /wp-includes/blocks/ HTTP/1.1" 200 12013 "-" "Mozilla/5.0 (Windows NT 10.0; Win64; x64; rv:76.0) Gecko/20100101 Firefox/76.0"
136.144.42.36 - - [19/Apr/2026:12:15:56 +0100] "GET /.bod/.ll/ HTTP/1.1" 200 11817 "-" "Mozilla/5.0 (X11; Ubuntu; Linux x86_64; rv:79.0) Gecko/20100101 Firefox/79.0"
172.98.32.12 - - [19/Apr/2026:12:15:57 +0100] "GET /wp-content/themes/twentytwentytwo/ HTTP/1.1" 200 12011 "-" "Mozilla/5.0 (Windows NT 10.0; Win64; x64) AppleWebKit/537.36 (KHTML, like Gecko) Chrome/77.0.3865.90 Safari/537.36"
172.98.32.5 - - [19/Apr/2026:12:15:57 +0100] "GET /wp-includes/html-api/ HTTP/1.1" 200 11954 "-" "Mozilla/5.0 (Windows NT 10.0) AppleWebKit/537.36 (KHTML, like Gecko) Chrome/72.0.3626.121 Safari/537.36"
45.132.227.6 - - [19/Apr/2026:12:15:57 +0100] "GET /wp-includes/sitemaps/providers/ HTTP/1.1" 200 11973 "-" "Mozilla/5.0 (compatible; MSIE 10.0; Windows NT 6.1; Trident/6.0)"
136.144.42.18 - - [19/Apr/2026:12:15:57 +0100] "GET /wp-includes/Text/Diff/Engine/ HTTP/1.1" 200 12012 "-" "Mozilla/5.0 (Windows NT 10.0; Win64; x64; rv:76.0) Gecko/20100101 Firefox/76.0"
45.132.227.16 - - [19/Apr/2026:12:15:58 +0100] "GET /wp-admin/css/colors/coffee/ HTTP/1.1" 200 11854 "-" "Mozilla/5.0 (Macintosh; Intel Mac OS X 10.15; rv:79.0) Gecko/20100101 Firefox/79.0"
172.98.32.10 - - [19/Apr/2026:12:15:58 +0100] "GET /wp-includes/blocks/calendar/ HTTP/1.1" 200 11923 "-" "Mozilla/5.0 (Windows NT 10.0; WOW64) AppleWebKit/537.36 (KHTML, like Gecko) Chrome/84.0.4147.105 Safari/537.36"
172.98.32.1 - - [19/Apr/2026:12:15:58 +0100] "GET /wp-content/plugins/fix/ HTTP/1.1" 200 11963 "-" "Mozilla/5.0 (Windows NT 6.1; Win64; x64) AppleWebKit/537.36 (KHTML, like Gecko) Chrome/78.0.3904.108 Safari/537.36"
45.132.227.241 - - [19/Apr/2026:12:15:59 +0100] "GET /wp-content/themes/twentytwentyfour/ HTTP/1.1" 200 12007 "-" "Mozilla/5.0 (Windows NT 10.0; Win64; x64) AppleWebKit/537.36 (KHTML, like Gecko) Chrome/79.0.3945.130 Safari/537.36"
136.144.42.18 - - [19/Apr/2026:12:15:59 +0100] "GET /wp-includes/bk/ HTTP/1.1" 200 11980 "-" "Mozilla/5.0 (Windows NT 10.0; Win64; x64) AppleWebKit/537.36 (KHTML, like Gecko) Chrome/74.0.3729.157 Safari/537.36"
45.132.227.5 - - [19/Apr/2026:12:15:59 +0100] "GET /wp-content/ALFA_DATA/alfacgiapi/ HTTP/1.1" 200 12004 "-" "Mozilla/5.0 (Windows NT 6.1; Win64; x64) AppleWebKit/537.36 (KHTML, like Gecko) Chrome/80.0.3987.149 Safari/537.36"
45.132.227.10 - - [19/Apr/2026:12:16:00 +0100] "GET /wp-content/uploads/2023/05/ HTTP/1.1" 200 11920 "-" "Mozilla/5.0 (Windows NT 10.0; Win64; x64; rv:67.0) Gecko/20100101 Firefox/67.0"
172.98.32.8 - - [19/Apr/2026:12:16:00 +0100] "GET /wp-content/themes/hello-element/ HTTP/1.1" 200 12004 "-" "Mozilla/5.0 (Windows NT 10.0; Win64; x64) AppleWebKit/537.36 (KHTML, like Gecko) Chrome/77.0.3865.90 Safari/537.36"
172.98.32.10 - - [19/Apr/2026:12:16:00 +0100] "GET /wp-includes/Text/ HTTP/1.1" 200 11912 "-" "Mozilla/5.0 (Windows NT 10.0; Win64; x64) AppleWebKit/537.36 (KHTML, like Gecko) Chrome/79.0.3945.88 Safari/537.36"
136.144.42.38 - - [19/Apr/2026:12:16:00 +0100] "GET /wp-includes/sitemaps/ HTTP/1.1" 200 11976 "-" "Mozilla/5.0 (Windows NT 6.1; Win64; x64) AppleWebKit/537.36 (KHTML, like Gecko) Chrome/79.0.3945.130 Safari/537.36"
45.132.227.15 - - [19/Apr/2026:12:16:01 +0100] "GET /wp-includes/sodium_compat/ HTTP/1.1" 200 11945 "-" "Mozilla/5.0 (Macintosh; Intel Mac OS X 10_15_6) AppleWebKit/537.36 (KHTML, like Gecko) Chrome/84.0.4147.125 Safari/537.36"
136.144.42.33 - - [19/Apr/2026:12:16:01 +0100] "GET /wp-includes/js/dist/ HTTP/1.1" 200 11916 "-" "Mozilla/5.0 (Windows NT 10.0; Win64; x64) AppleWebKit/537.36 (KHTML, like Gecko) Chrome/79.0.3945.130 Safari/537.36"
172.98.32.17 - - [19/Apr/2026:12:16:01 +0100] "GET /wp-includes/sodium_compat/src/ HTTP/1.1" 200 11876 "-" "Mozilla/5.0 (Macintosh; Intel Mac OS X 10_15_6) AppleWebKit/537.36 (KHTML, like Gecko) Chrome/84.0.4147.125 Safari/537.36"
172.98.32.4 - - [19/Apr/2026:12:16:01 +0100] "GET /wp-content/plugins/erinyani/ HTTP/1.1" 200 12014 "-" "Mozilla/5.0 (Windows NT 10.0; Win64; x64) AppleWebKit/537.36 (KHTML, like Gecko) Chrome/80.0.3987.149 Safari/537.36"
45.132.227.1 - - [19/Apr/2026:12:16:02 +0100] "GET /wp-includes/SimplePie/Parse/ HTTP/1.1" 200 11999 "-" "Mozilla/5.0 (Windows NT 10.0; Win64; x64) AppleWebKit/537.36 (KHTML, like Gecko) Chrome/70.0.3538.110 Safari/537.36"
172.98.32.9 - - [19/Apr/2026:12:16:02 +0100] "GET /wp-content/themes/sky-pro/ HTTP/1.1" 200 12018 "-" "Mozilla/5.0 (Windows NT 10.0; Win64; x64) AppleWebKit/537.36 (KHTML, like Gecko) Chrome/58.0.3029.110 Safari/537.3"
136.144.42.36 - - [19/Apr/2026:12:16:02 +0100] "GET /wp-includes/SimplePie/Cache/ HTTP/1.1" 200 11923 "-" "Mozilla/5.0 (Windows NT 10.0; Win64; x64) AppleWebKit/537.36 (KHTML, like Gecko) Chrome/70.0.3538.110 Safari/537.36"
45.132.227.7 - - [19/Apr/2026:12:16:02 +0100] "GET /wp-includes/js/tinymce/plugins/fullscreen/ HTTP/1.1" 200 12048 "-" "Mozilla/5.0 (Windows NT 10.0; Win64; x64) AppleWebKit/537.36 (KHTML, like Gecko) Chrome/58.0.3029.110 Safari/537.3"
136.144.42.41 - - [19/Apr/2026:12:16:03 +0100] "GET /wp-content/languages/themes/ HTTP/1.1" 200 11930 "-" "Mozilla/5.0 (Windows NT 10.0; Win64; x64) AppleWebKit/537.36 (KHTML, like Gecko) Chrome/80.0.3987.149 Safari/537.36"
172.98.32.11 - - [19/Apr/2026:12:16:03 +0100] "GET /admin/controller/extension/extension/ HTTP/1.1" 200 11930 "-" "Mozilla/5.0 (Windows NT 10.0; Win64; x64; rv:72.0) Gecko/20100101 Firefox/72.0"
45.132.227.4 - - [19/Apr/2026:12:16:03 +0100] "GET /img/ HTTP/1.1" 200 11956 "-" "Mozilla/5.0 (X11; Ubuntu; Linux x86_64; rv:79.0) Gecko/20100101 Firefox/79.0"
45.132.227.10 - - [19/Apr/2026:12:16:03 +0100] "GET /wp-includes/interactivity-api/ HTTP/1.1" 200 11933 "-" "Mozilla/5.0 (Macintosh; Intel Mac OS X 10_12_6) AppleWebKit/537.36 (KHTML, like Gecko) Chrome/58.0.3029.110 Safari/537.3"
172.98.32.3 - - [19/Apr/2026:12:16:04 +0100] "GET /wp-includes/l10n/ HTTP/1.1" 200 11956 "-" "Mozilla/5.0 (X11; Linux i686; rv:79.0) Gecko/20100101 Firefox/79.0"
172.98.32.7 - - [19/Apr/2026:12:16:04 +0100] "GET /tinyfilemanager/ HTTP/1.1" 200 11933 "-" "Mozilla/5.0 (Windows NT 6.1; Win64; x64) AppleWebKit/537.36 (KHTML, like Gecko) Chrome/80.0.3987.149 Safari/537.36"
136.144.42.40 - - [19/Apr/2026:12:16:04 +0100] "GET /wp-includes/js/tinymce/utils/ HTTP/1.1" 200 11936 "-" "Mozilla/5.0 (Windows NT 10.0; Win64; x64; rv:75.0) Gecko/20100101 Firefox/75.0"
45.132.227.6 - - [19/Apr/2026:12:16:05 +0100] "GET /components/com_newsfeeds/models/ HTTP/1.1" 200 11993 "-" "Mozilla/5.0 (Windows NT 10.0; Win64; x64) AppleWebKit/537.36 (KHTML, like Gecko) Chrome/79.0.3945.130 Safari/537.36"
45.132.227.12 - - [19/Apr/2026:12:16:05 +0100] "GET /.trash7309/ HTTP/1.1" 200 11912 "-" "Mozilla/5.0 (Windows NT 10.0; Win64; x64) AppleWebKit/537.36 (KHTML, like Gecko) Chrome/84.0.4147.105 Safari/537.36 OPR/70.0.3728.95"
172.98.32.10 - - [19/Apr/2026:12:16:05 +0100] "GET /wp-content/plugins/revslider/includes/external/page/ HTTP/1.1" 200 12004 "-" "Mozilla/5.0 (Windows NT 10.0; Win64; x64; rv:66.0) Gecko/20100101 Firefox/66.0"
172.98.32.8 - - [19/Apr/2026:12:16:05 +0100] "GET /wp-content/plugins/ioxi/ioxi/ HTTP/1.1" 200 11936 "-" "Mozilla/5.0 (Macintosh; Intel Mac OS X 10_12_6) AppleWebKit/537.36 (KHTML, like Gecko) Chrome/58.0.3029.110 Safari/537.3"
45.132.227.4 - - [19/Apr/2026:12:16:06 +0100] "GET /modules/ HTTP/1.1" 200 12050 "-" "Mozilla/5.0 (X11; Ubuntu; Linux i686; rv:79.0) Gecko/20100101 Firefox/79.0"
45.132.227.5 - - [19/Apr/2026:12:16:06 +0100] "GET /wp-includes/js/codemirror/ HTTP/1.1" 200 11918 "-" "Mozilla/5.0 (Windows NT 10.0; Win64; x64; rv:76.0) Gecko/20100101 Firefox/76.0"
172.98.32.16 - - [19/Apr/2026:12:16:06 +0100] "GET /wp-includes/js/tinymce/langs/ HTTP/1.1" 200 11972 "-" "Mozilla/5.0 (Windows NT 10.0; Win64; x64; rv:77.0) Gecko/20100101 Firefox/77.0"
45.132.227.14 - - [19/Apr/2026:12:16:06 +0100] "GET /wp-admin/css/colors/modern/ HTTP/1.1" 200 11924 "-" "Mozilla/5.0 (Windows NT 10.0; Win64; x64) AppleWebKit/537.36 (KHTML, like Gecko) Chrome/83.0.4103.61 Safari/537.36"
172.98.32.13 - - [19/Apr/2026:12:16:07 +0100] "GET /wp-includes/blocks/group/ HTTP/1.1" 200 11982 "-" "Mozilla/5.0 (X11; Linux x86_64) AppleWebKit/537.36 (KHTML, like Gecko) Chrome/84.0.4147.105 Safari/537.36 OPR/70.0.3728.95"
172.98.32.14 - - [19/Apr/2026:12:16:07 +0100] "GET /plugins/ HTTP/1.1" 200 11979 "-" "Mozilla/5.0 (Windows NT 10.0; Win64; x64) AppleWebKit/537.36 (KHTML, like Gecko) Chrome/84.0.4147.105 Safari/537.36"
45.132.227.12 - - [19/Apr/2026:12:16:07 +0100] "GET /wordpress/wp-content/uploads/ HTTP/1.1" 200 11935 "-" "Mozilla/5.0 (X11; Ubuntu; Linux i686; rv:79.0) Gecko/20100101 Firefox/79.0"
45.132.227.2 - - [19/Apr/2026:12:16:08 +0100] "GET /upload/ HTTP/1.1" 200 11950 "-" "Mozilla/5.0 (Macintosh; Intel Mac OS X 10_15_6) AppleWebKit/537.36 (KHTML, like Gecko) Chrome/84.0.4147.105 Safari/537.36 OPR/70.0.3728.95"
136.144.42.18 - - [19/Apr/2026:12:16:09 +0100] "GET /wordpress/wp-includes/ HTTP/1.1" 200 11946 "-" "Mozilla/5.0 (Windows NT 10.0; WOW64; Trident/7.0; .NET4.0C; .NET4.0E; .NET CLR 2.0.50727; .NET CLR 3.0.30729; .NET CLR 3.5.30729; rv:11.0) like Gecko"
45.132.227.7 - - [19/Apr/2026:12:16:10 +0100] "GET /wp-includes/css/dist/ HTTP/1.1" 200 11903 "-" "Mozilla/5.0 (Windows NT 10.0; Win64; x64) AppleWebKit/537.36 (KHTML, like Gecko) Chrome/79.0.3945.130 Safari/537.36"
136.144.42.33 - - [19/Apr/2026:12:16:10 +0100] "GET /ALFA_DATA/alfacgiapi/ HTTP/1.1" 200 11965 "-" "Mozilla/5.0 (X11; Linux x86_64) AppleWebKit/537.36 (KHTML, like Gecko) Chrome/84.0.4147.105 Safari/537.36"
45.132.227.9 - - [19/Apr/2026:12:16:11 +0100] "GET /.tmb/ HTTP/1.1" 200 11922 "-" "Mozilla/5.0 (Windows NT 10.0; Win64; x64; rv:75.0) Gecko/20100101 Firefox/75.0"
172.98.32.9 - - [19/Apr/2026:12:16:11 +0100] "GET /wp-includes/assets/wp-includes/assets/ HTTP/1.1" 200 12056 "-" "Mozilla/5.0 (Windows NT 10.0; Win64; x64) AppleWebKit/537.36 (KHTML, like Gecko) Chrome/81.0.4044.129 Safari/537.36"
136.144.42.38 - - [19/Apr/2026:12:16:11 +0100] "GET /wp-includes/blocks/file/ HTTP/1.1" 200 11916 "-" "Mozilla/5.0 (Macintosh; Intel Mac OS X 10_12_6) AppleWebKit/537.36 (KHTML, like Gecko) Chrome/58.0.3029.110 Safari/537.3"
172.98.32.13 - - [19/Apr/2026:12:16:12 +0100] "GET /wp-content/mu-plugins/ HTTP/1.1" 200 11921 "-" "Mozilla/5.0 (Windows NT 10.0; Win64; x64) AppleWebKit/537.36 (KHTML, like Gecko) Chrome/84.0.4147.105 Safari/537.36"
172.98.32.8 - - [19/Apr/2026:12:16:13 +0100] "GET /blog/ HTTP/1.1" 200 11902 "-" "Mozilla/5.0 (Windows NT 10.0; Win64; x64; rv:75.0) Gecko/20100101 Firefox/75.0"
172.98.32.23 - - [19/Apr/2026:12:16:13 +0100] "GET /include/ HTTP/1.1" 200 11935 "-" "Mozilla/5.0 (Windows NT 10.0; Win64; x64) AppleWebKit/537.36 (KHTML, like Gecko) Chrome/58.0.3029.110 Safari/537.3"
45.132.227.241 - - [19/Apr/2026:12:16:13 +0100] "GET /file/ HTTP/1.1" 200 11917 "-" "Mozilla/5.0 (Macintosh; Intel Mac OS X 10_15_6) AppleWebKit/537.36 (KHTML, like Gecko) Chrome/84.0.4147.125 Safari/537.36"
45.132.227.4 - - [19/Apr/2026:12:16:13 +0100] "GET /wp-content/themes/twentytwentyfour/patterns/ HTTP/1.1" 200 11916 "-" "Mozilla/5.0 (Windows NT 10.0; Win64; x64) AppleWebKit/537.36 (KHTML, like Gecko) Chrome/84.0.4147.105 Safari/537.36"
136.144.42.39 - - [19/Apr/2026:12:16:14 +0100] "GET /images/news_event/ HTTP/1.1" 200 11998 "-" "Mozilla/5.0 (Windows NT 10.0; Win64; x64) AppleWebKit/537.36 (KHTML, like Gecko) Chrome/79.0.3945.79 Safari/537.36"
172.98.32.4 - - [19/Apr/2026:12:16:14 +0100] "GET /wp-content/themes/wp-pridmag/ HTTP/1.1" 200 11959 "-" "Mozilla/5.0 (Windows NT 10.0; WOW64; Trident/7.0; .NET4.0C; .NET4.0E; .NET CLR 2.0.50727; .NET CLR 3.0.30729; .NET CLR 3.5.30729; rv:11.0) like Gecko"
172.98.32.9 - - [19/Apr/2026:12:16:14 +0100] "GET /templates/beez5/ HTTP/1.1" 200 11985 "-" "Mozilla/5.0 (Windows NT 10.0; Win64; x64) AppleWebKit/537.36 (KHTML, like Gecko) Chrome/84.0.4147.105 Safari/537.36 OPR/70.0.3728.95"
172.98.32.12 - - [19/Apr/2026:12:16:14 +0100] "GET /wp-admin/js/file/ HTTP/1.1" 200 11933 "-" "Mozilla/5.0 (Windows NT 10.0; WOW64; Trident/7.0; .NET4.0C; .NET4.0E; .NET CLR 2.0.50727; .NET CLR 3.0.30729; .NET CLR 3.5.30729; rv:11.0) like Gecko"
136.144.42.41 - - [19/Apr/2026:12:16:15 +0100] "GET /wp-includes/id3/ HTTP/1.1" 200 11939 "-" "Mozilla/5.0 (Windows NT 10.0; Win64; x64) AppleWebKit/537.36 (KHTML, like Gecko) Chrome/84.0.4147.105 Safari/537.36"
136.144.42.41 - - [19/Apr/2026:12:16:15 +0100] "GET /wp-includes/js/imgareaselect/ HTTP/1.1" 200 12000 "-" "Mozilla/5.0 (Windows NT 6.1; Win64; x64) AppleWebKit/537.36 (KHTML, like Gecko) Chrome/80.0.3987.149 Safari/537.36"
136.144.42.34 - - [19/Apr/2026:12:16:15 +0100] "GET /upload/bilder/ HTTP/1.1" 200 11907 "-" "Mozilla/5.0 (Windows NT 10.0; Win64; x64; rv:67.0) Gecko/20100101 Firefox/67.0"
172.98.32.12 - - [19/Apr/2026:12:16:16 +0100] "GET /wp-includes/Requests/Text/ HTTP/1.1" 200 11937 "-" "Mozilla/5.0 (Windows NT 10.0; Win64; x64) AppleWebKit/537.36 (KHTML, like Gecko) Chrome/79.0.3945.79 Safari/537.36"
172.98.32.8 - - [19/Apr/2026:12:16:16 +0100] "GET /wp-includes/sodium_compat/lib/ HTTP/1.1" 200 11941 "-" "Mozilla/5.0 (Windows NT 10.0; Win64; x64) AppleWebKit/537.36 (KHTML, like Gecko) Chrome/83.0.4103.61 Safari/537.36"
172.98.32.13 - - [19/Apr/2026:12:16:16 +0100] "GET /wp-includes/js/jcrop/ HTTP/1.1" 200 11863 "-" "Mozilla/5.0 (Windows NT 10.0; Win64; x64; rv:74.0) Gecko/20100101 Firefox/74.0"
172.98.32.8 - - [19/Apr/2026:12:16:16 +0100] "GET /wp-content/uploads/2021/ HTTP/1.1" 200 12009 "-" "Mozilla/5.0 (Linux x86_64; rv:79.0) Gecko/20100101 Firefox/79.0"
45.132.227.6 - - [19/Apr/2026:12:16:17 +0100] "GET /assets/js/ HTTP/1.1" 200 11913 "-" "Mozilla/5.0 (compatible; MSIE 10.0; Windows NT 6.1; Trident/6.0)"
136.144.42.41 - - [19/Apr/2026:12:16:17 +0100] "GET /wp-includes/block-bindings/ HTTP/1.1" 200 11926 "-" "Mozilla/5.0 (X11; Linux i686; rv:79.0) Gecko/20100101 Firefox/79.0"
172.98.32.9 - - [19/Apr/2026:12:16:17 +0100] "GET /wp-includes/Requests/Auth/ HTTP/1.1" 200 11880 "-" "Mozilla/5.0 (Windows NT 10.0; WOW64) AppleWebKit/537.36 (KHTML, like Gecko) Chrome/84.0.4147.105 Safari/537.36"
136.144.42.36 - - [19/Apr/2026:12:16:17 +0100] "GET /wp-includes/Requests/library/ HTTP/1.1" 200 11958 "-" "Mozilla/5.0 (Windows NT 10.0; Win64; x64; rv:74.0) Gecko/20100101 Firefox/74.0"
172.98.32.13 - - [19/Apr/2026:12:16:18 +0100] "GET /wp-content/plugins/classic-editor/ HTTP/1.1" 200 11976 "-" "Mozilla/5.0 (Windows NT 10.0; WOW64) AppleWebKit/537.36 (KHTML, like Gecko) Chrome/84.0.4147.105 Safari/537.36"
172.98.32.2 - - [19/Apr/2026:12:16:18 +0100] "GET /wordpress/wp-admin/includes/ HTTP/1.1" 200 11892 "-" "Mozilla/5.0 (Windows NT 10.0; Win64; x64; rv:66.0) Gecko/20100101 Firefox/66.0"
172.98.32.11 - - [19/Apr/2026:12:16:18 +0100] "GET /backup/ HTTP/1.1" 200 11959 "-" "Mozilla/5.0 (Windows NT 10.0; Win64; x64) AppleWebKit/537.36 (KHTML, like Gecko) Chrome/83.0.4103.97 Safari/537.36"
172.98.32.9 - - [19/Apr/2026:12:16:18 +0100] "GET /files/shares/ HTTP/1.1" 200 11880 "-" "Mozilla/5.0 (Windows NT 10.0; Win64; x64) AppleWebKit/537.36 (KHTML, like Gecko) Chrome/83.0.4103.97 Safari/537.36"
172.98.32.17 - - [19/Apr/2026:12:16:19 +0100] "GET /wp-content/plugins/xt/ HTTP/1.1" 200 12013 "-" "Mozilla/5.0 (Windows NT 10.0; Win64; x64) AppleWebKit/537.36 (KHTML, like Gecko) Chrome/81.0.4044.129 Safari/537.36"
45.132.227.15 - - [19/Apr/2026:12:16:19 +0100] "GET /wp-content/plugins/content-management/ HTTP/1.1" 200 11904 "-" "Mozilla/5.0 (Windows NT 10.0; Win64; x64) AppleWebKit/537.36 (KHTML, like Gecko) Chrome/70.0.3538.110 Safari/537.36"
172.98.32.13 - - [19/Apr/2026:12:16:19 +0100] "GET /wp-content/themes/Avada/licensing/ HTTP/1.1" 200 12048 "-" "Mozilla/5.0 (Windows NT 10.0; Win64; x64) AppleWebKit/537.36 (KHTML, like Gecko) Chrome/83.0.4103.97 Safari/537.36"
172.98.32.5 - - [19/Apr/2026:12:16:19 +0100] "GET /Requests/Utility/ HTTP/1.1" 200 12002 "-" "Mozilla/5.0 (Windows NT 10.0; Win64; x64; rv:75.0) Gecko/20100101 Firefox/75.0"
172.98.32.5 - - [19/Apr/2026:12:16:20 +0100] "GET /themes/travelscape/ HTTP/1.1" 200 11978 "-" "Mozilla/5.0 (X11; Linux i686; rv:79.0) Gecko/20100101 Firefox/79.0"
136.144.42.18 - - [19/Apr/2026:12:16:20 +0100] "GET /themes/twentyseventeen/page/ HTTP/1.1" 200 11895 "-" "Mozilla/5.0 (Windows NT 10.0) AppleWebKit/537.36 (KHTML, like Gecko) Chrome/84.0.4147.105 Safari/537.36"
45.132.227.6 - - [19/Apr/2026:12:16:20 +0100] "GET /rest-api/fields/ HTTP/1.1" 200 11925 "-" "Mozilla/5.0 (Windows NT 6.1; Win64; x64) AppleWebKit/537.36 (KHTML, like Gecko) Chrome/58.0.3029.110 Safari/537.3"
172.98.32.4 - - [19/Apr/2026:12:16:20 +0100] "GET /wp-includes/Requests/Utility/ HTTP/1.1" 200 11925 "-" "Mozilla/5.0 (Windows NT 10.0; Win64; x64) AppleWebKit/537.36 (KHTML, like Gecko) Chrome/70.0.3538.77 Safari/537.36"
136.144.42.40 - - [19/Apr/2026:12:16:21 +0100] "GET /wp-content/plugins/tunnelforms/ HTTP/1.1" 200 11972 "-" "Mozilla/5.0 (Windows NT 10.0; Win64; x64) AppleWebKit/537.36 (KHTML, like Gecko) Chrome/84.0.4147.105 Safari/537.36"
45.132.227.9 - - [19/Apr/2026:12:16:21 +0100] "GET /wp-content/languages/plugins/ HTTP/1.1" 200 12021 "-" "Mozilla/5.0 (Windows NT 10.0; Win64; x64) AppleWebKit/537.36 (KHTML, like Gecko) Chrome/79.0.3945.88 Safari/537.36"
172.98.32.8 - - [19/Apr/2026:12:16:21 +0100] "GET /wp-includes/js/tinymce/skins/ HTTP/1.1" 200 12012 "-" "Mozilla/5.0 (Windows NT 10.0; Win64; x64) AppleWebKit/537.36 (KHTML, like Gecko) Chrome/83.0.4103.61 Safari/537.36"
45.132.227.9 - - [19/Apr/2026:12:16:21 +0100] "GET /wp-includes/js/tinymce/utils/%20 HTTP/1.1" 200 11971 "-" "Mozilla/5.0 (Windows NT 10.0; Win64; x64; rv:71.0) Gecko/20100101 Firefox/71.0"
136.144.42.35 - - [19/Apr/2026:12:16:22 +0100] "GET /themes/seotheme/ HTTP/1.1" 200 11945 "-" "Mozilla/5.0 (Windows NT 10.0; Win64; x64) AppleWebKit/537.36 (KHTML, like Gecko) Chrome/70.0.3538.77 Safari/537.36"
